// Jest Snapshot v1, https://goo.gl/fbAQLP

exports[`ProductCarkSkeleton test cases should render correctly 1`] = `
<DocumentFragment>
  <div
    class="relative overflow-hidden h-auto text-foreground box-border bg-content1 outline-none data-[focus-visible=true]:z-10 data-[focus-visible=true]:outline-2 data-[focus-visible=true]:outline-focus data-[focus-visible=true]:outline-offset-2 shadow-medium transition-transform-background motion-reduce:transition-none max-w-82 flex flex-col rounded-none"
    tabindex="-1"
  >
    <div
      class="flex z-10 w-full justify-start items-center shrink-0 overflow-inherit color-inherit subpixel-antialiased rounded-t-large relative p-0"
    >
      <div
        class="group relative overflow-hidden bg-content3 dark:bg-content2 pointer-events-none before:opacity-100 before:absolute before:inset-0 before:-translate-x-full before:animate-[shimmer_2s_infinite] before:border-t before:border-content4/30 before:bg-gradient-to-r before:from-transparent before:via-content4 dark:before:via-default-700/10 before:to-transparent after:opacity-100 after:absolute after:inset-0 after:-z-10 after:bg-content3 dark:after:bg-content2 data-[loaded=true]:pointer-events-auto data-[loaded=true]:overflow-visible data-[loaded=true]:!bg-transparent data-[loaded=true]:before:opacity-0 data-[loaded=true]:before:animate-none data-[loaded=true]:after:opacity-0 transition-background !duration-300 before:transition-opacity before:!duration-300"
      >
        <div
          class="opacity-0 group-data-[loaded=true]:opacity-100 transition-opacity motion-reduce:transition-none !duration-300"
        >
          <div
            class="relative shadow-black/5 shadow-none rounded-none"
            style="max-width: 328px;"
          >
             
            <img
              class="relative z-10 opacity-0 shadow-black/5 data-[loaded=true]:opacity-100 shadow-none transition-transform-opacity motion-reduce:transition-none !duration-300 rounded-none"
              height="300"
              style="height: 300px;"
              width="328"
            />
          </div>
        </div>
      </div>
      <div
        class="px-2.5 bg-danger absolute rounded-0.75 top-5 left-5 z-10"
      >
        <p
          class="text-white text-sm/6 font-bold"
        >
          Sale
        </p>
      </div>
    </div>
    <div
      class="relative w-full p-3 flex-auto place-content-inherit align-items-inherit h-auto break-words text-left overflow-y-auto subpixel-antialiased light px-6.25 pt-6.25 pb-8.75 bg-white flex flex-col gap-2.5"
    >
      <div
        class="flex justify-between"
      >
        <div
          class="group relative overflow-hidden bg-content3 dark:bg-content2 pointer-events-none before:opacity-100 before:absolute before:inset-0 before:-translate-x-full before:animate-[shimmer_2s_infinite] before:border-t before:border-content4/30 before:bg-gradient-to-r before:from-transparent before:via-content4 dark:before:via-default-700/10 before:to-transparent after:opacity-100 after:absolute after:inset-0 after:-z-10 after:bg-content3 dark:after:bg-content2 data-[loaded=true]:pointer-events-auto data-[loaded=true]:overflow-visible data-[loaded=true]:!bg-transparent data-[loaded=true]:before:opacity-0 data-[loaded=true]:before:animate-none data-[loaded=true]:after:opacity-0 transition-background !duration-300 before:transition-opacity before:!duration-300 h-8.25 w-[50%]"
        >
          <div
            class="opacity-0 group-data-[loaded=true]:opacity-100 transition-opacity motion-reduce:transition-none !duration-300"
          />
        </div>
        <div
          class="group relative overflow-hidden bg-content3 dark:bg-content2 pointer-events-none before:opacity-100 before:absolute before:inset-0 before:-translate-x-full before:animate-[shimmer_2s_infinite] before:border-t before:border-content4/30 before:bg-gradient-to-r before:from-transparent before:via-content4 dark:before:via-default-700/10 before:to-transparent after:opacity-100 after:absolute after:inset-0 after:-z-10 after:bg-content3 dark:after:bg-content2 data-[loaded=true]:pointer-events-auto data-[loaded=true]:overflow-visible data-[loaded=true]:!bg-transparent data-[loaded=true]:before:opacity-0 data-[loaded=true]:before:animate-none data-[loaded=true]:after:opacity-0 transition-background !duration-300 before:transition-opacity before:!duration-300 h-8.25 w-[30%]"
        >
          <div
            class="opacity-0 group-data-[loaded=true]:opacity-100 transition-opacity motion-reduce:transition-none !duration-300"
          />
        </div>
      </div>
      <div
        class="group relative overflow-hidden bg-content3 dark:bg-content2 pointer-events-none before:opacity-100 before:absolute before:inset-0 before:-translate-x-full before:animate-[shimmer_2s_infinite] before:border-t before:border-content4/30 before:bg-gradient-to-r before:from-transparent before:via-content4 dark:before:via-default-700/10 before:to-transparent after:opacity-100 after:absolute after:inset-0 after:-z-10 after:bg-content3 dark:after:bg-content2 data-[loaded=true]:pointer-events-auto data-[loaded=true]:overflow-visible data-[loaded=true]:!bg-transparent data-[loaded=true]:before:opacity-0 data-[loaded=true]:before:animate-none data-[loaded=true]:after:opacity-0 transition-background !duration-300 before:transition-opacity before:!duration-300 h-6"
      >
        <div
          class="opacity-0 group-data-[loaded=true]:opacity-100 transition-opacity motion-reduce:transition-none !duration-300"
        />
      </div>
      <div
        class="group relative overflow-hidden bg-content3 dark:bg-content2 pointer-events-none before:opacity-100 before:absolute before:inset-0 before:-translate-x-full before:animate-[shimmer_2s_infinite] before:border-t before:border-content4/30 before:bg-gradient-to-r before:from-transparent before:via-content4 dark:before:via-default-700/10 before:to-transparent after:opacity-100 after:absolute after:inset-0 after:-z-10 after:bg-content3 dark:after:bg-content2 data-[loaded=true]:pointer-events-auto data-[loaded=true]:overflow-visible data-[loaded=true]:!bg-transparent data-[loaded=true]:before:opacity-0 data-[loaded=true]:before:animate-none data-[loaded=true]:after:opacity-0 transition-background !duration-300 before:transition-opacity before:!duration-300 h-5"
      >
        <div
          class="opacity-0 group-data-[loaded=true]:opacity-100 transition-opacity motion-reduce:transition-none !duration-300"
        />
      </div>
      <div
        class="group relative overflow-hidden bg-content3 dark:bg-content2 pointer-events-none before:opacity-100 before:absolute before:inset-0 before:-translate-x-full before:animate-[shimmer_2s_infinite] before:border-t before:border-content4/30 before:bg-gradient-to-r before:from-transparent before:via-content4 dark:before:via-default-700/10 before:to-transparent after:opacity-100 after:absolute after:inset-0 after:-z-10 after:bg-content3 dark:after:bg-content2 data-[loaded=true]:pointer-events-auto data-[loaded=true]:overflow-visible data-[loaded=true]:!bg-transparent data-[loaded=true]:before:opacity-0 data-[loaded=true]:before:animate-none data-[loaded=true]:after:opacity-0 transition-background !duration-300 before:transition-opacity before:!duration-300 h-6"
      >
        <div
          class="opacity-0 group-data-[loaded=true]:opacity-100 transition-opacity motion-reduce:transition-none !duration-300"
        />
      </div>
      <div
        class="group relative overflow-hidden bg-content3 dark:bg-content2 pointer-events-none before:opacity-100 before:absolute before:inset-0 before:-translate-x-full before:animate-[shimmer_2s_infinite] before:border-t before:border-content4/30 before:bg-gradient-to-r before:from-transparent before:via-content4 dark:before:via-default-700/10 before:to-transparent after:opacity-100 after:absolute after:inset-0 after:-z-10 after:bg-content3 dark:after:bg-content2 data-[loaded=true]:pointer-events-auto data-[loaded=true]:overflow-visible data-[loaded=true]:!bg-transparent data-[loaded=true]:before:opacity-0 data-[loaded=true]:before:animate-none data-[loaded=true]:after:opacity-0 transition-background !duration-300 before:transition-opacity before:!duration-300 h-8.5"
      >
        <div
          class="opacity-0 group-data-[loaded=true]:opacity-100 transition-opacity motion-reduce:transition-none !duration-300"
        />
      </div>
      <div>
        <button
          class="z-0 group relative inline-flex items-center justify-center box-border appearance-none select-none whitespace-nowrap subpixel-antialiased overflow-hidden tap-highlight-transparent data-[pressed=true]:scale-[0.97] outline-none data-[focus-visible=true]:z-10 data-[focus-visible=true]:outline-2 data-[focus-visible=true]:outline-focus data-[focus-visible=true]:outline-offset-2 border-medium text-small gap-2 [&>svg]:max-w-[theme(spacing.8)] transition-transform-colors-opacity motion-reduce:transition-none bg-transparent border-primary text-primary data-[hover=true]:opacity-hover px-5 py-2.5 min-w-0 w-auto h-auto rounded-[37px] hover:bg-primary hover:bg-opacity-25 font-bold"
          type="button"
        >
          Course Detail
          <svg
            fill="none"
            height="17"
            viewBox="0 0 10 17"
            width="10"
            xmlns="http://www.w3.org/2000/svg"
          >
            <g
              clip-path="url(#clip0_2685_983)"
            >
              <path
                clip-rule="evenodd"
                d="M0.680771 1.00694C0.737928 0.949641 0.805828 0.904178 0.880583 0.873159C0.955337 0.842139 1.03548 0.826172 1.11641 0.826172C1.19735 0.826172 1.27749 0.842139 1.35224 0.873159C1.427 0.904178 1.4949 0.949641 1.55205 1.00694L8.9358 8.39069C8.9931 8.44785 9.03857 8.51575 9.06959 8.5905C9.10061 8.66526 9.11657 8.7454 9.11657 8.82633C9.11657 8.90727 9.10061 8.98741 9.06959 9.06216C9.03857 9.13692 8.9931 9.20482 8.9358 9.26197L1.55205 16.6457C1.43651 16.7613 1.27981 16.8262 1.11641 16.8262C0.953015 16.8262 0.79631 16.7613 0.680771 16.6457C0.565232 16.5302 0.500322 16.3735 0.500322 16.2101C0.500322 16.0467 0.565232 15.89 0.680771 15.7744L7.63011 8.82633L0.680771 1.87823C0.623469 1.82107 0.578006 1.75317 0.546986 1.67841C0.515967 1.60366 0.5 1.52352 0.5 1.44258C0.5 1.36165 0.515967 1.28151 0.546986 1.20676C0.578006 1.132 0.623469 1.0641 0.680771 1.00694Z"
                fill="currentColor"
                fill-rule="evenodd"
              />
            </g>
            <defs>
              <clippath
                id="clip0_2685_983"
              >
                <rect
                  fill="currentColor"
                  height="16"
                  transform="translate(0.5 0.826172)"
                  width="9"
                />
              </clippath>
            </defs>
          </svg>
        </button>
      </div>
    </div>
  </div>
</DocumentFragment>
`;
